// Jest Snapshot v1, https://goo.gl/fbAQLP

exports[`model annotation test relation annoation should call getAttribute: meta 1`] = `
Object {
  "columnFoo": Array [
    PropDecoratorFactory {
      "isRelation": true,
    },
  ],
}
`;

exports[`model annotation test relation annoation: meta 1`] = `
Object {
  "columnFoo": Array [
    PropDecoratorFactory {
      "isRelation": true,
    },
  ],
}
`;
